npm warn Unknown env config "devdir". This will stop working in the next major version of npm.

> retroverse-public@0.1.0 cover:phase1-delivery
> npx --yes tsx tools/cover-integrity/phase1-delivery-repair.ts

npm warn Unknown env config "devdir". This will stop working in the next major version of npm.
Inventory: 21757 RVAL albums, 17730 assigned
Scanning assigned covers for CDN 404 + local file…
Candidates (404 + local): 3817
Assigned CDN 404 before: 2551
Display rate before: 69.8%
  published 50/3817…
  published 100/3817…
  published 150/3817…
  published 200/3817…
  published 250/3817…
  published 300/3817…
  published 350/3817…
  published 400/3817…
  published 450/3817…
  published 500/3817…
  published 550/3817…
  published 600/3817…
  published 650/3817…
  published 700/3817…
  published 750/3817…
  published 800/3817…
  published 850/3817…
  published 900/3817…
  published 950/3817…
  published 1000/3817…
  published 1050/3817…
  published 1100/3817…
  published 1150/3817…
  published 1200/3817…
  published 1250/3817…
  published 1300/3817…
  published 1350/3817…
  published 1400/3817…
  published 1450/3817…
  published 1500/3817…
  published 1550/3817…
  published 1600/3817…
  published 1650/3817…
  published 1700/3817…
  published 1750/3817…
  published 1800/3817…
  published 1850/3817…
  published 1900/3817…
  published 1950/3817…
  published 2000/3817…
  published 2050/3817…
  published 2100/3817…
  published 2150/3817…
  published 2200/3817…
  published 2250/3817…
  published 2300/3817…
  published 2350/3817…
  published 2400/3817…
  published 2450/3817…
  published 2500/3817…
  published 2550/3817…
  published 2600/3817…
  published 2650/3817…
  published 2700/3817…
  published 2750/3817…
  published 2800/3817…
  published 2850/3817…
  published 2900/3817…
  published 2950/3817…
  published 3000/3817…
  published 3050/3817…
  published 3100/3817…
  published 3150/3817…
  published 3200/3817…
  published 3250/3817…
  published 3300/3817…
  published 3350/3817…
  published 3400/3817…
  published 3450/3817…
  published 3500/3817…
  published 3550/3817…
  published 3600/3817…
  published 3650/3817…
  published 3700/3817…
  published 3750/3817…
  published 3800/3817…
Re-scanning assigned CDN 404 count after publish…
{
  "totalRvalAlbums": 21757,
  "assigned": 17730,
  "attempted": 3817,
  "published": 3817,
  "verified": 3817,
  "failed": 0,
  "remaining404InBatch": 0,
  "assignedCdn404Before": 2551,
  "assignedCdn404After": 864,
  "displayRateBeforePct": 69.8,
  "displayRateAfterPct": 77.5
}

Wrote:
  /Users/bobhopp/RETROVERSE_PUBLIC/reports/cover-integrity/phase1-delivery-report.md
  /Users/bobhopp/RETROVERSE_PUBLIC/reports/cover-integrity/phase1-delivery-results.json
